wwwwwwwwwwwwwwwwwwwwwwwwwwwwwwwwwwwwwwwwwwwwwwwwwwwwwwwwwwwwwwwwwwwwwwww
w......................................................................w
w..........s........................wwwww...............w..............w
w..........s....wwwww......wwwwwwwwwwwwww...mm.........mw..............w
w...........s.w.ww..wwwwwwwwwwwwwwwwwwwwwwwwwwwwwwwwwwwww............o.w
w..........s....w................ss..ss..ss..ss..ss..ss..............s.w
w.l........s....wwwww................................................s.w
w.ww.w.w.w.s........w.........sw..77..77..77..77..77..7777777777.w.w.s.w
w...m.m.mwwwwwsw..............s.....mm......mm......mm..........m.m.m..w
w...w.w.w.....s...............s.....ww......ww......ww..........w.w.w..w
w.............s...............s........................................w
w.............s...............s........................................w
w.............s.......m.......s........m......m........................w
wwwwwwwwwwwwwwwwwwwwwwwwwwwwwwwwwwwwwwwwwwwwwswww......................w
w.............w.........wm.....m.....m....m..s.........................w
w..www........w...wwwwwswwswwswwswwswwswwswwsww.w......................w
w..w..w.......w..w.....ssss..ssss..ssss..s..s..........................w
w..w..w.......w.s.w......................ww...........................kw
w..www........w.s.....................................................sw
w..w..w.......w...ww..................................................sw
w..w..w..ww...www....m............................................m..s.w
w..www...ww...w.wwwwwwwww.s.wwwwwwwwwww................www....s..wwww..w
w.....m.......w...........s.............w.....................s........w
wwwwwwwwwwwwwwww..........s...............w...................s.......ww
w...............w.........s.................w.................s........w
w............m............s...................w.................w..w.wsw
w...sw.ww.wwwww...........s.....................w....................wsw
w...s.....................s.......................w....m..mm.........wsw
w...s..........swww.wwww............................w.777777777......wsw
www..................................................................wsw
w...ws...............................................................wsw
w....s................................................................sw
w..............m..........m.......m.................s........m........sw
w....s.wwwwwwwwwwwwwwwwwwwwwwwwwwwwwww.wwww.www..ww....ww.wwwww.wwww.www
w...s..............................................s...................w
w...s..................................................................w
wi..s............m....m.....................m.m.m......................w
wwwwwwwwwwwwwwwwwwwwwwwwwwwwwwwwwwwwwwwwwwwwwwwwwwwwwwwwwwwwwwwwwwwwwwww
