wwwwwwwwwwwwwwwwwwwwwwwwwwwwwwwwwwwwwwwwwwwwwwwwwwwwwwwwwwwwwwwwwwwwwwwwwwwwwwwwwwwwwwwwwwwwww
wsssssssssssssssssssMsssssssssssssssssssssssssskssssssssssssssssssssssssssssssmssssssssssssssw
wssssssssssssssssssssssssssssssssssssssssssssssssssssssssssssssssssssssssssssssssssssssssssssw
wsssmssssssssssssssssssssssssssssssssssssssssssMsssssssssssssssssssssssssssssssssssssssssssssw
wssssssssssssssssssssssssssssssssssssssssssssssssssssssssssssssssssssssssssssssssssssssssssssw
wssssssssssssssssssssssMsssssssssssssssssssssssssssssssssssssssssssssssmsssssssssssssssssssssw
wssssss.ssssssss.ssssssss.ssssssss.ssssssss.ssssssss.ssssssss.ssssssss.ssssssss.ssssssss.ssssw
wssmssw.wssssssw.wsMssssw.wssssssw.wssssmsw.wssssssw.wMsssssw.wssssssw.wsssssmw.wssssssw.wsMsw
wssssswlwsssssswgwsssssswtwsssssswMwsssssswlwsssssswgwsssssswMwsssssswmwsssssswgwsssssswmwsssw
wssssswwwssMssswwwsssssswwwsmsssswwwsssssswwwssssMswwwsssssswwwmssssswwwsssssswwwsssssmwwwsssw
wssssssssssssssssssssssssssssssssssssssssssssssssssssssssssssssssssssssssssssssssssssssssssssw
wsssssssssssssssssssmssssssssssssssssssssssssssssssssMsssssssssssssssssssssssssssssssssssssssw
wssssssssssssssssssssssssssssssssssssssssssssssssssssssssssssssssssssssssssssssssssssssssssssw
wsssMssssssssssssssssssssssssssssssssssssssssssssssssssssssssssssssssssssssssssssmsssssssssssw
wssssss.ssssssss.ssssssss.ssssssss.ssssssss.ssssssss.ssssssss.ssssssss.ssssssss.ssssssss.ssssw
wsmsssw.wssssssw.wsssMssw.wssssssw.wmsssssw.wssssssw.wssssMsw.wssssssw.wsssssMw.wssssssw.wsssw
wssssswMwsssssswlwsssssswMwsssssswmwsssssswtwsssssswlwsssssswlwsssssswgwsssssswmwsssssswMwsmsw
wssssswwwsMsssswwwsssssswwwsssmsswwwsssssswwwMssssswwwsssssswwwssssmswwwsssssswwwsssssmwwwsssw
wssssssssssssssmsssssssssssssssssssssssMsssssssssssssssssssssssssssssssssssssssssssssssssssssw
wssssssssssssssssssssssssssssssssssssssssssssssssssssssssssssssssssssssssssssssssssssssssssssw
wssssssssssssssssssssssssssssssssssssssssssssssssssssMssssssssssssssssssssmssssssssssssssssssw
wssssssssssssssssssssssssssssssssssssssssssssssssssssssssssssssssssssssssssssssssssssssssssssw
wssmsss.ssssssss.ssssssss.ssssssss.ssssssss.ssssssss.ssssMsss.ssssssss.ssssssss.ssssssss.ssssw
wsssssw.wssssssw.wssssssw.wssssssw.wssssssw.wssssssw.wssssssw.wssssssw.wssssssw.wssssssw.wMssw
wssMsswmwsmsssswMwssssMswgwmssssswlwsssssMwgwssmssswmwMssssswgwsssmsswMwsssssMwlwsssmsswtwsMsw
wssssswwwsssssswwwsssssswwwsssssswwwsssssswwwsssssswwwsssssswwwsssssswwwsssssswwwsssssswwwssMw
wssssssssssssssssssMsssssssssssssssssssssssssssssssssssssssssssssssssssssssssssssmsssssssssssw
wssssssssssssssssssssssssssssssssssssssssssssssssssssssssssssssssssssssssssssssssssssssssssssw
wssssssssssssssssssssssssssssssssmsssssssssssssssssssssssssMsssssssssssssssssssssssssssssssssw
wtttttttt....s..................................................................s....ttttttttw
wwwwwwwww....s..................................................................s....wwwwwwwww
w............s..................................................................s............w
w....sw....w.sw................................................................ws.w...sws....w
w....sw....w.sw................................................................ws.w....ws....w
w....sw....w.sw................................................................ws.w...sws....w
w....sws...w.sw................................................................ws.w....ws....w
w....sws...w.sw................................................................ws.w....ws....w
w....sws...w.sw................................................................ws.w...sws....w
w....sw....w.sw................................................................ws.w....ws....w
w....sw....w.sw................................................................ws.w...sws....w
w....sw....w.sw................................................................ws.w....ws....w
wi...sw......sw................................................................ws......ws...ow
wwwwwwwwwwwwwwwwwwwwwwwwwwwwwwwwwwwwwwwwwwwwwwwwwwwwwwwwwwwwwwwwwwwwwwwwwwwwwwwwwwwwwwwwwwwwww
