wwwwwwwwwwwwwwwwwwwwwwwwwwwwwwwwwwwwwwwwwwwwwwwwwwwwwwwwwwwwwwwwwwwwwwwwwwwwwwwwwwwwwwwwwwwwww
wsssssssssssssssssssMsssssssssssssssssssssssssssssssssssssssssssssssssssssssssmssssssssssssssw
wssssssssssssssssssssssssssssssssssssssssssssssssssssssssssssssssssssssssssssssssssssssssssssw
wsssmssssssssssssssssssssssssssssssssssssssssssMsssssssssssssssssssssssssssssssssssssssssssssw
wssssssssssssssssssssssssssssssssssssssssssssssssssssssssssssssssssssssssssssssssssssssssssssw
wssssssssssssssssssssssMsssssssssssssssssssssssssssssssssssssssssssssssmsssssssssssssssssssssw
wssssss.ssssssss.ssssssss.ssssssss.ssssssss.ssssssss.ssssssss.ssssssss.ssssssss.ssssssss.ssssw
wssmssw.wssssssw.wsMssssw.wssssssw.wssssmsw.wssssssw.wMsssssw.wssssssw.wsssssmw.wssssssw.wsMsw
wssssswlwsssssswgwsssssswlwsssssswMwsssssswlwsssssswgwsssssswMwsssssswmwsssssswgwsssssswmwsssw
wssssswwwssMssswwwsssssswwwsmsssswwwsssssswwwssssMswwwsssssswwwmssssswwwsssssswwwsssssmwwwsssw
wssssssssssssssssssssssssssssssssssssssssssssssssssssssssssssssssssssssssssssssssssssssssssssw
wsssssssssssssssssssmssssssssssssssssssssssssssssssssMsssssssssssssssssssssssssssssssssssssssw
wssssssssssssssssssssssssssssssssssssssssssssssssssssssssssssssssssssssssssssssssssssssssssssw
wsssMssssssssssssssssssssssssssssssssssssssssssssssssssssssssssssssssssssssssssssmsssssssssssw
wssssss.ssssssss.ssssssss.ssssssss.ssssssss.ssssssss.ssssssss.ssssssss.ssssssss.ssssssss.ssssw
wsmsssw.wssssssw.wsssMssw.wssssssw.wmsssssw.wssssssw.wssssMsw.wssssssw.wsssssMw.wssssssw.wsssw
wssssswMwsssssswlwsssssswMwsssssswmwsssssswmwsssssswlwsssssswlwsssssswgwsssssswmwsssssswMwsmsw
wssssswwwsMsssswwwsssssswwwsssmsswwwsssssswwwMssssswwwsssssswwwssssmswwwsssssswwwsssssmwwwsssw
wssssssssssssssmsssssssssssssssssssssssMsssssssssssssssssssssssssssssssssssssssssssssssssssssw
wssssssssssssssssssssssssssssssssssssssssssssssssssssssssssssssssssssssssssssssssssssssssssssw
wssssssssssssssssssssssssssssssssssssssssssssssssssssMssssssssssssssssssssmssssssssssssssssssw
wssssssssssssssssssssssssssssssssssssssssssssssssssssssssssssssssssssssssssssssssssssssssssssw
wssmsss.ssssssss.ssssssss.ssssssss.ssssssss.ssssssss.ssssMsss.ssssssss.ssssssss.ssssssss.ssssw
wsssssw.wssssssw.wssssssw.wssssssw.wssssssw.wssssssw.wssssssw.wssssssw.wssssssw.wssssssw.wMssw
wssMsswmwsmsssswMwssssMswgwmssssswlwsssssMwgwssmssswmwMssssswgwsssmsswMwsssssMwlwsssmsswkwsMsw
wssssswwwsssssswwwsssssswwwsssssswwwsssssswwwsssssswwwsssssswwwsssssswwwsssssswwwsssssswwwssMw
wssssssssssssssssssMsssssssssssssssssssssssssssssssssssssssssssssssssssssssssssssmsssssssssssw
wssssssssssssssssssssssssssssssssssssssssssssssssssssssssssssssssssssssssssssssssssssssssssssw
wssssssssssssssssssssssssssssssssmsssssssssssssssssssssssssMsssssssssssssssssssssssssssssssssw
wtttttttt....s..................................................................s....ttttttttw
wwwwwwwww....s..................................................................s....wwwwwwwww
w............s..................................................................s...........ow
w....sw....w.sw................................................................ws.w....ws....w
w....sw....w.sw................................................................ws.w....ws....w
w....sw....w.sw................................................................ws.w....ws....w
w....sws...w.sw................................................................ws.w...sws....w
w....sws...w.sw................................................................ws.w...sws....w
w....sws...w.sw................................................................ws.w...sws....w
w....sw....w.sw................................................................ws.w....ws....w
w....sw....w.sw................................................................ws.w....ws....w
w....sw....w.sw................................................................ws.w....ws....w
wi.lgsw......sw................................................................ws......wsgl.Bw
wwwwwwwwwwwwwwwwwwwwwwwwwwwwwwwwwwwwwwwwwwwwwwwwwwwwwwwwwwwwwwwwwwwwwwwwwwwwwwwwwwwwwwwwwwwwww
