wwwwwwwwwwwwwwwwwwwwwwwwwwwwwwwwwwwwwwwwwwwwwwwwwwwwwwww
w......................................................w
wswwwwwwwwwwwwww.........................wwwww.........w
ws.........................................w...........w
ws.........................................w...........w
ws.......................................w.w...........w
ws........................................w............w
ws.....................................................w
ws.......................................w...w.........w
ws.......................................w...w.........w
ws.......................................wwoww.........w
ws........................................www..........w
ws.....................................................w
ws.......................................w...w.........w
ws.......................................ww.ww.........w
ws.......................................w.w.w.........w
ws.......................................w...w.........w
ws.....................................................w
ws.......................................wwww..........w
ws.......................................w...w.........w
ws.......................................w...w.........w
ws.......................................wwww..........w
ws.......................................w.............w
ws.......................................w.............w
ws.....................................................w
ws.....................................................w
ws.....................................................w
ws.....................................................w
ws.....................................................w
ws.....................................................w
ws.....................................................w
ws.....................................................w
ws.....................................................w
ws.....................................................w
ws............................i......................k.w
wwwwwwwwwwwwwwwwwwwwwwwwwwwwwwwwwwwwwwwwwwwwwwwwwwwwwwww
