wwwwwwwwwwwwwwwwwwwwwwwwwwwwwwwwwwwwwwwwwwwwwwwwwwwwwwwwwwwwwwwwwwwwwwww
w1222222222222222222222222222222222222222222222222222222222222222222223w
w4.........s........................wwwww...............w.............5w
w4.........s....wwwww......wwwwwwwwwwwwww...mm.........mw.............5w
w4.........s.w.ww..22222222222222222222222222222222222222............o5w
w4.........s....w................ss..ss..ss..ss..ss..ss..............s5w
w4k........s....wwwww................................................s5w
w4ww.w.w.wws........w.........sw..77..77..77..77..77..7777777777.w.w.s5w
w4..m.m.mwwwwwsw..............s.....mm......mm......mm..........m.m.m.5w
w4..w.w.w.....s...............s.....ww......ww......ww..........w.w.w.5w
w4............s...............s.......................................5w
w4............s...............s.......................................5w
w4............s.......m.......s........m......m......................i5w
w6777777777777777777777777777777777777777777777777777777777777777777778w
wwwwwwwwwwwwwwwwwwwwwwwwwwwwwwwwwwwwwwwwwwwwwwwwwwwwwwwwwwwwwwwwwwwwwwww
